2026-09-27 20:31:44,993 - drone_ids.engine - INFO - Added detector: GPSSpoofingDetector
2026-09-27 20:31:44,993 - drone_ids.web_runner - INFO - Registered detector: GPSSpoofingDetector
2026-09-27 20:31:44,993 - drone_ids.engine - INFO - Added detector: MAVLinkAnomalyDetector
2026-09-27 20:31:44,993 - drone_ids.web_runner - INFO - Registered detector: MAVLinkAnomalyDetector
2026-09-27 20:31:44,993 - drone_ids.engine - INFO - Added detector: CommandInjectionDetector
2026-09-27 20:31:44,993 - drone_ids.web_runner - INFO - Registered detector: CommandInjectionDetector
2026-09-27 20:31:44,993 - drone_ids.engine - INFO - Added detector: TelemetryManipulationDetector
2026-09-27 20:31:44,993 - drone_ids.web_runner - INFO - Registered detector: TelemetryManipulationDetector
2026-09-27 20:31:44,994 - drone_ids.engine - INFO - Added detector: DoSDetector
2026-09-27 20:31:44,994 - drone_ids.web_runner - INFO - Registered detector: DoSDetector
2026-09-27 20:31:44,994 - drone_ids.engine - INFO - Added detector: FirmwareIntegrityDetector
2026-09-27 20:31:44,994 - drone_ids.web_runner - INFO - Registered detector: FirmwareIntegrityDetector
2026-09-27 20:31:44,994 - drone_ids.alert_manager - INFO - Alert Manager started
2026-09-27 20:31:44,994 - drone_ids.web_runner - INFO - Alert manager started
2026-09-27 20:31:44,994 - drone_ids.web_runner - INFO - Connecting to SITL on udp:127.0.0.1:14550 …
2026-09-27 20:31:44,994 - drone_ids.mavlink - INFO - Connecting to SITL: udp:127.0.0.1:14550
2026-09-27 20:31:44,994 - drone_ids.mavlink - INFO - Waiting for SITL heartbeat...
2026-09-27 20:31:49,999 - drone_ids.mavlink - INFO - Connected to SITL system 0
2026-09-27 20:31:49,999 - drone_ids.mavlink - INFO - Injection listener started on UDP port 14551
2026-09-27 20:31:50,001 - drone_ids.mavlink - INFO - Injection loop started, waiting for packets on port 14551
2026-09-27 20:31:50,003 - drone_ids.web_runner - INFO - Requested MAVLink stream 0 @ 10 Hz
2026-09-27 20:31:50,004 - drone_ids.web_runner - INFO - Requested MAVLink stream 5 @ 10 Hz
2026-09-27 20:31:50,004 - drone_ids.web_runner - INFO - Requested MAVLink stream 2 @ 5 Hz
2026-09-27 20:31:50,005 - drone_ids.detector.GPSSpoofingDetector - INFO - GPS Spoofing Detector initialized
2026-09-27 20:31:50,005 - drone_ids.engine - INFO - Initialized detector: GPSSpoofingDetector
2026-09-27 20:31:50,005 - drone_ids.detector.MAVLinkAnomalyDetector - INFO - MAVLink Anomaly Detector initialized
2026-09-27 20:31:50,006 - drone_ids.engine - INFO - Initialized detector: MAVLinkAnomalyDetector
2026-09-27 20:31:50,007 - drone_ids.detector.CommandInjectionDetector - INFO - Command Injection Detector initialized
2026-09-27 20:31:50,007 - drone_ids.engine - INFO - Initialized detector: CommandInjectionDetector
2026-09-27 20:31:50,008 - drone_ids.detector.TelemetryManipulationDetector - INFO - Telemetry Manipulation Detector initialized
2026-09-27 20:31:50,008 - drone_ids.engine - INFO - Initialized detector: TelemetryManipulationDetector
2026-09-27 20:31:50,009 - drone_ids.detector.DoSDetector - INFO - DoS Detector initialized
2026-09-27 20:31:50,009 - drone_ids.engine - INFO - Initialized detector: DoSDetector
2026-09-27 20:31:50,009 - drone_ids.detector.FirmwareIntegrityDetector - INFO - Firmware Integrity Detector initialized
2026-09-27 20:31:50,010 - drone_ids.engine - INFO - Initialized detector: FirmwareIntegrityDetector
2026-09-27 20:31:50,011 - drone_ids.engine - INFO - IDS Engine started
2026-09-27 20:31:50,011 - drone_ids.web_runner - INFO - IDS Engine started — monitoring active
2026-09-27 20:31:51,359 - drone_ids.mission_simulator - INFO - Firmware integrity check complete — reference accepted
2026-09-27 20:31:51,359 - drone_ids.mission_simulator - INFO - Mode changed: GUIDED
2026-09-27 20:31:51,360 - drone_ids.mission_simulator - WARNING - Drone ARMED
2026-09-27 20:31:51,360 - drone_ids.mission_simulator - INFO - Mission started: waypoint loop active
2026-09-27 20:31:54,452 - drone_ids.detector.MAVLinkAnomalyDetector - WARNING - ALERT [WARNING] mavlink_sequence_gap: MAVLink sequence gap: 178 (sys=1, comp=1, type=GPS_RAW_INT)
2026-09-27 20:31:54,573 - drone_ids.detector.GPSSpoofingDetector - WARNING - ALERT [CRITICAL] gps_impossible_velocity: GPS velocity 854.8 m/s exceeds maximum 100.0 m/s
2026-09-27 20:31:54,574 - drone_ids.detector.TelemetryManipulationDetector - WARNING - ALERT [WARNING] impossible_position_rate: Impossible position rate: 451.2 m/s
2026-09-27 20:31:55,575 - drone_ids.detector.MAVLinkAnomalyDetector - WARNING - ALERT [WARNING] mavlink_sequence_gap: MAVLink sequence gap: 48 (sys=1, comp=1, type=GPS_RAW_INT)
2026-09-27 20:31:55,790 - drone_ids.detector.GPSSpoofingDetector - WARNING - ALERT [CRITICAL] gps_impossible_velocity: GPS velocity 124.4 m/s exceeds maximum 100.0 m/s
2026-09-27 20:31:55,790 - drone_ids.detector.TelemetryManipulationDetector - WARNING - ALERT [WARNING] impossible_position_rate: Impossible position rate: 121.0 m/s
2026-09-27 20:31:56,217 - drone_ids.detector.GPSSpoofingDetector - WARNING - ALERT [WARNING] gps_imu_discrepancy: GPS-IMU position discrepancy: 24.0m (threshold: 10.0m)
2026-09-27 20:31:56,580 - drone_ids.detector.MAVLinkAnomalyDetector - WARNING - ALERT [WARNING] mavlink_sequence_gap: MAVLink sequence gap: 46 (sys=1, comp=1, type=GPS_RAW_INT)
2026-09-27 20:31:56,624 - drone_ids.detector.GPSSpoofingDetector - WARNING - ALERT [CRITICAL] gps_position_jump: GPS position jump 54.3m in 0.0s (max: 50.0m)
2026-09-27 20:31:56,827 - drone_ids.detector.GPSSpoofingDetector - WARNING - ALERT [CRITICAL] gps_impossible_velocity: GPS velocity 1558.6 m/s exceeds maximum 100.0 m/s
2026-09-27 20:31:57,436 - drone_ids.detector.GPSSpoofingDetector - WARNING - ALERT [WARNING] gps_imu_discrepancy: GPS-IMU position discrepancy: 119.9m (threshold: 10.0m)
2026-09-27 20:31:57,585 - drone_ids.detector.MAVLinkAnomalyDetector - WARNING - ALERT [WARNING] mavlink_sequence_gap: MAVLink sequence gap: 54 (sys=1, comp=1, type=GPS_RAW_INT)
2026-09-27 20:31:57,640 - drone_ids.detector.GPSSpoofingDetector - WARNING - ALERT [CRITICAL] gps_position_jump: GPS position jump 134.2m in 0.1s (max: 50.0m)
2026-09-27 20:31:57,842 - drone_ids.detector.GPSSpoofingDetector - WARNING - ALERT [CRITICAL] gps_impossible_velocity: GPS velocity 2710.5 m/s exceeds maximum 100.0 m/s
2026-09-27 20:31:58,590 - drone_ids.detector.MAVLinkAnomalyDetector - WARNING - ALERT [WARNING] mavlink_sequence_gap: MAVLink sequence gap: 62 (sys=1, comp=1, type=GPS_RAW_INT)
2026-09-27 20:31:58,654 - drone_ids.detector.GPSSpoofingDetector - WARNING - ALERT [CRITICAL] gps_position_jump: GPS position jump 214.1m in 0.1s (max: 50.0m)
2026-09-27 20:31:58,655 - drone_ids.detector.GPSSpoofingDetector - WARNING - ALERT [WARNING] gps_imu_discrepancy: GPS-IMU position discrepancy: 215.8m (threshold: 10.0m)
2026-09-27 20:31:58,857 - drone_ids.detector.GPSSpoofingDetector - WARNING - ALERT [CRITICAL] gps_impossible_velocity: GPS velocity 3531.5 m/s exceeds maximum 100.0 m/s
2026-09-27 20:31:59,962 - drone_ids.detector.MAVLinkAnomalyDetector - WARNING - ALERT [WARNING] mavlink_sequence_gap: MAVLink sequence gap: 166 (sys=1, comp=1, type=GPS_RAW_INT)
2026-09-27 20:32:00,448 - drone_ids.detector.TelemetryManipulationDetector - WARNING - ALERT [WARNING] impossible_attitude_rate: Impossible attitude rate: 499.6 deg/s
2026-09-27 20:32:00,449 - drone_ids.detector.TelemetryManipulationDetector - WARNING - ALERT [WARNING] impossible_reported_velocity: Impossible reported velocity: 220.0 m/s
2026-09-27 20:32:00,449 - drone_ids.detector.TelemetryManipulationDetector - WARNING - ALERT [WARNING] impossible_velocity_change: Impossible velocity change: 4306.1 m/s²
2026-09-27 20:32:00,450 - drone_ids.detector.TelemetryManipulationDetector - WARNING - ALERT [WARNING] voltage_jump: Voltage jump: 8.68V
2026-09-27 20:32:00,450 - drone_ids.detector.TelemetryManipulationDetector - WARNING - ALERT [WARNING] current_jump: Current jump: 110.00A
2026-09-27 20:32:01,002 - drone_ids.detector.MAVLinkAnomalyDetector - WARNING - ALERT [WARNING] mavlink_sequence_gap: MAVLink sequence gap: 68 (sys=1, comp=1, type=GPS_RAW_INT)
2026-09-27 20:32:01,018 - drone_ids.detector.TelemetryManipulationDetector - WARNING - ALERT [WARNING] impossible_position_rate: Impossible position rate: 109.2 m/s
2026-09-27 20:32:01,508 - drone_ids.detector.TelemetryManipulationDetector - WARNING - ALERT [WARNING] impossible_attitude_rate: Impossible attitude rate: 499.6 deg/s
2026-09-27 20:32:01,509 - drone_ids.detector.TelemetryManipulationDetector - WARNING - ALERT [WARNING] impossible_reported_velocity: Impossible reported velocity: 220.0 m/s
2026-09-27 20:32:01,607 - drone_ids.detector.TelemetryManipulationDetector - WARNING - ALERT [WARNING] impossible_velocity_change: Impossible velocity change: 13746.9 m/s²
2026-09-27 20:32:01,808 - drone_ids.detector.TelemetryManipulationDetector - WARNING - ALERT [WARNING] voltage_jump: Voltage jump: 8.68V
2026-09-27 20:32:01,809 - drone_ids.detector.TelemetryManipulationDetector - WARNING - ALERT [WARNING] current_jump: Current jump: 110.00A
2026-09-27 20:32:02,010 - drone_ids.detector.MAVLinkAnomalyDetector - WARNING - ALERT [WARNING] mavlink_sequence_gap: MAVLink sequence gap: 54 (sys=1, comp=1, type=GPS_RAW_INT)
2026-09-27 20:32:03,081 - drone_ids.detector.MAVLinkAnomalyDetector - WARNING - ALERT [WARNING] mavlink_sequence_gap: MAVLink sequence gap: 176 (sys=1, comp=1, type=GPS_RAW_INT)
2026-09-27 20:32:03,218 - drone_ids.detector.GPSSpoofingDetector - WARNING - ALERT [CRITICAL] gps_impossible_velocity: GPS velocity 100.1 m/s exceeds maximum 100.0 m/s
2026-09-27 20:32:03,566 - drone_ids.detector.CommandInjectionDetector - WARNING - ALERT [CRITICAL] command_unauthorized_source: Command 400 from unauthorized source sys=99 comp=1
2026-09-27 20:32:03,567 - drone_ids.detector.CommandInjectionDetector - WARNING - ALERT [WARNING] command_arm_attempt: ARM command from sys=99
2026-09-27 20:32:03,916 - drone_ids.detector.CommandInjectionDetector - WARNING - ALERT [WARNING] command_disarm_attempt: DISARM command from sys=99
2026-09-27 20:32:04,267 - drone_ids.detector.MAVLinkAnomalyDetector - WARNING - ALERT [WARNING] mavlink_sequence_gap: MAVLink sequence gap: 173 (sys=1, comp=1, type=STATUSTEXT)
2026-09-27 20:32:04,617 - drone_ids.detector.CommandInjectionDetector - WARNING - ALERT [CRITICAL] command_unauthorized_source: Command 22 from unauthorized source sys=99 comp=1
2026-09-27 20:32:05,321 - drone_ids.detector.MAVLinkAnomalyDetector - WARNING - ALERT [WARNING] mavlink_sequence_gap: MAVLink sequence gap: 154 (sys=1, comp=1, type=GPS_RAW_INT)
2026-09-27 20:32:05,441 - drone_ids.detector.GPSSpoofingDetector - WARNING - ALERT [CRITICAL] gps_impossible_velocity: GPS velocity 126.8 m/s exceeds maximum 100.0 m/s
2026-09-27 20:32:05,442 - drone_ids.detector.TelemetryManipulationDetector - WARNING - ALERT [WARNING] impossible_position_rate: Impossible position rate: 119.3 m/s
2026-09-27 20:32:06,963 - drone_ids.detector.MAVLinkAnomalyDetector - WARNING - ALERT [WARNING] mavlink_sequence_gap: MAVLink sequence gap: 248 (sys=1, comp=1, type=STATUSTEXT)
2026-09-27 20:32:06,965 - drone_ids.detector.FirmwareIntegrityDetector - WARNING - ALERT [WARNING] param_integrity_violation: Critical parameter SYSID_THISMAV integrity check failed
2026-09-27 20:32:07,963 - drone_ids.mission_simulator - WARNING - MAVLink COMMAND LINK OFFLINE — packet flood detected
2026-09-27 20:32:07,963 - drone_ids.mission_simulator - WARNING - Failsafe engaged: mode changed to RTL
2026-09-27 20:32:07,963 - drone_ids.mission_simulator - WARNING - Vehicle returning to home waypoint
2026-09-27 20:32:08,042 - drone_ids.detector.MAVLinkAnomalyDetector - WARNING - ALERT [WARNING] mavlink_sequence_gap: MAVLink sequence gap: 225 (sys=1, comp=1, type=GPS_RAW_INT)
2026-09-27 20:32:08,043 - drone_ids.detector.TelemetryManipulationDetector - WARNING - ALERT [WARNING] impossible_velocity_change: Impossible velocity change: 99.0 m/s²
2026-09-27 20:32:08,043 - drone_ids.detector.TelemetryManipulationDetector - WARNING - ALERT [WARNING] compass_heading_mismatch: Compass-GPS heading mismatch: 180.0 deg
2026-09-27 20:32:08,245 - drone_ids.detector.DoSDetector - WARNING - ALERT [WARNING] low_rssi: Low RSSI: -96 dBm (min: -90)
2026-09-27 20:32:08,245 - drone_ids.detector.DoSDetector - WARNING - ALERT [CRITICAL] rssi_sudden_drop: Sudden RSSI drop: 168 dBm (possible jamming)
2026-09-27 20:32:08,611 - drone_ids.detector.DoSDetector - WARNING - ALERT [WARNING] message_flood: Message flood: 501 msgs in 1.0s (limit: 500)
2026-09-27 20:32:08,945 - drone_ids.detector.CommandInjectionDetector - WARNING - ALERT [WARNING] command_missing_ack: Command 400 not acknowledged within 5.0s
2026-09-27 20:32:09,049 - drone_ids.detector.MAVLinkAnomalyDetector - WARNING - ALERT [WARNING] mavlink_sequence_gap: MAVLink sequence gap: 101 (sys=1, comp=1, type=GPS_RAW_INT)
2026-09-27 20:32:09,613 - drone_ids.detector.DoSDetector - WARNING - ALERT [WARNING] message_flood: Message flood: 625 msgs in 1.0s (limit: 500)
2026-09-27 20:32:09,859 - drone_ids.detector.DoSDetector - WARNING - ALERT [WARNING] low_rssi: Low RSSI: -96 dBm (min: -90)
2026-09-27 20:32:10,046 - drone_ids.detector.CommandInjectionDetector - WARNING - ALERT [WARNING] command_missing_ack: Command 21 not acknowledged within 5.0s
2026-09-27 20:32:10,060 - drone_ids.detector.MAVLinkAnomalyDetector - WARNING - ALERT [WARNING] mavlink_sequence_gap: MAVLink sequence gap: 237 (sys=1, comp=1, type=GPS_RAW_INT)
2026-09-27 20:32:10,621 - drone_ids.detector.DoSDetector - WARNING - ALERT [WARNING] message_flood: Message flood: 636 msgs in 1.0s (limit: 500)
2026-09-27 20:32:11,413 - drone_ids.detector.MAVLinkAnomalyDetector - WARNING - ALERT [WARNING] mavlink_sequence_gap: MAVLink sequence gap: 153 (sys=1, comp=1, type=STATUSTEXT)
2026-09-27 20:32:11,473 - drone_ids.detector.DoSDetector - WARNING - ALERT [WARNING] low_rssi: Low RSSI: -96 dBm (min: -90)
2026-09-27 20:32:13,084 - drone_ids.detector.DoSDetector - WARNING - ALERT [WARNING] low_rssi: Low RSSI: -96 dBm (min: -90)
2026-09-27 20:32:14,358 - drone_ids.engine - INFO - Stats: msgs=2671, rate=109.7/s, alerts=60, errors=0
2026-09-27 20:32:14,697 - drone_ids.detector.DoSDetector - WARNING - ALERT [WARNING] low_rssi: Low RSSI: -96 dBm (min: -90)
2026-09-27 20:32:16,311 - drone_ids.detector.DoSDetector - WARNING - ALERT [WARNING] low_rssi: Low RSSI: -96 dBm (min: -90)
2026-09-27 20:32:17,925 - drone_ids.detector.DoSDetector - WARNING - ALERT [WARNING] low_rssi: Low RSSI: -96 dBm (min: -90)
2026-09-27 20:32:18,732 - drone_ids.mission_simulator - INFO - Home waypoint reached
2026-09-27 20:32:18,732 - drone_ids.mission_simulator - INFO - RTL complete — mode changed to HOLD
2026-09-27 20:32:18,732 - drone_ids.mission_simulator - INFO - MAVLink link recovered
2026-09-27 20:32:18,732 - drone_ids.mission_simulator - WARNING - Drone DISARMED
2026-09-27 20:32:44,395 - drone_ids.engine - INFO - Stats: msgs=2783, rate=51.2/s, alerts=63, errors=0
2026-09-27 20:33:14,430 - drone_ids.engine - INFO - Stats: msgs=2783, rate=33.0/s, alerts=63, errors=0
2026-09-27 20:33:44,465 - drone_ids.engine - INFO - Stats: msgs=2783, rate=24.3/s, alerts=63, errors=0
2026-09-27 20:34:14,497 - drone_ids.engine - INFO - Stats: msgs=2783, rate=19.3/s, alerts=63, errors=0
2026-09-27 20:34:44,534 - drone_ids.engine - INFO - Stats: msgs=2783, rate=15.9/s, alerts=63, errors=0
2026-09-27 20:35:14,567 - drone_ids.engine - INFO - Stats: msgs=2783, rate=13.6/s, alerts=63, errors=0
2026-09-27 20:35:44,602 - drone_ids.engine - INFO - Stats: msgs=2783, rate=11.9/s, alerts=63, errors=0
2026-09-27 20:36:01,191 - drone_ids.detector.MAVLinkAnomalyDetector - WARNING - ALERT [WARNING] mavlink_sequence_gap: MAVLink sequence gap: 82 (sys=1, comp=1, type=GPS_RAW_INT)
2026-09-27 20:36:02,948 - drone_ids.detector.GPSSpoofingDetector - WARNING - ALERT [WARNING] gps_imu_discrepancy: GPS-IMU position discrepancy: 24.0m (threshold: 10.0m)
2026-09-27 20:36:04,163 - drone_ids.detector.GPSSpoofingDetector - WARNING - ALERT [WARNING] gps_imu_discrepancy: GPS-IMU position discrepancy: 119.9m (threshold: 10.0m)
2026-09-27 20:36:05,375 - drone_ids.detector.GPSSpoofingDetector - WARNING - ALERT [WARNING] gps_imu_discrepancy: GPS-IMU position discrepancy: 215.8m (threshold: 10.0m)
2026-09-27 20:36:05,678 - drone_ids.detector.GPSSpoofingDetector - WARNING - ALERT [CRITICAL] gps_impossible_velocity: GPS velocity 1161.5 m/s exceeds maximum 100.0 m/s
2026-09-27 20:36:05,679 - drone_ids.detector.GPSSpoofingDetector - WARNING - ALERT [CRITICAL] gps_position_jump: GPS position jump 117.9m in 0.1s (max: 50.0m)
2026-09-27 20:36:06,682 - drone_ids.detector.GPSSpoofingDetector - WARNING - ALERT [CRITICAL] gps_impossible_velocity: GPS velocity 348.6 m/s exceeds maximum 100.0 m/s
2026-09-27 20:36:06,682 - drone_ids.detector.GPSSpoofingDetector - WARNING - ALERT [CRITICAL] gps_position_jump: GPS position jump 349.6m in 1.0s (max: 50.0m)
2026-09-27 20:36:14,632 - drone_ids.engine - INFO - Stats: msgs=2920, rate=11.0/s, alerts=71, errors=0
2026-09-27 20:36:44,666 - drone_ids.engine - INFO - Stats: msgs=2920, rate=9.9/s, alerts=71, errors=0
2026-09-27 20:36:45,077 - drone_ids.detector.MAVLinkAnomalyDetector - INFO - Learning complete. Baselines: {'GPS_RAW_INT': 12.38263895873184, 'GLOBAL_POSITION_INT': 13.332323739644995, 'ATTITUDE': 13.071286556777205, 'VFR_HUD': 13.048861224094848, 'HEARTBEAT': 1.2422559794806591, 'SYS_STATUS': 10.543282854052345, 'RADIO_STATUS': 10.598586832322049, 'ESTIMATOR_STATUS': 1.2422289448097026, 'STATUSTEXT': 38.88416762271449, 'PARAM_REQUEST_READ': 983.0492944163201}
2026-09-27 20:37:14,701 - drone_ids.engine - INFO - Stats: msgs=2920, rate=9.0/s, alerts=71, errors=0
2026-09-27 20:37:44,731 - drone_ids.engine - INFO - Stats: msgs=2920, rate=8.2/s, alerts=71, errors=0
2026-09-27 20:38:14,763 - drone_ids.engine - INFO - Stats: msgs=2920, rate=7.6/s, alerts=71, errors=0
2026-09-27 20:38:44,793 - drone_ids.engine - INFO - Stats: msgs=2920, rate=7.0/s, alerts=71, errors=0
2026-09-27 20:39:14,824 - drone_ids.engine - INFO - Stats: msgs=2920, rate=6.6/s, alerts=71, errors=0
2026-09-27 20:39:44,855 - drone_ids.engine - INFO - Stats: msgs=2920, rate=6.1/s, alerts=71, errors=0
2026-09-27 20:40:14,886 - drone_ids.engine - INFO - Stats: msgs=2920, rate=5.8/s, alerts=71, errors=0
2026-09-27 20:40:44,919 - drone_ids.engine - INFO - Stats: msgs=2920, rate=5.5/s, alerts=71, errors=0
2026-09-27 20:40:53,155 - drone_ids.detector.MAVLinkAnomalyDetector - WARNING - ALERT [WARNING] mavlink_sequence_gap: MAVLink sequence gap: 121 (sys=1, comp=1, type=GPS_RAW_INT)
2026-09-27 20:40:54,919 - drone_ids.detector.GPSSpoofingDetector - WARNING - ALERT [WARNING] gps_imu_discrepancy: GPS-IMU position discrepancy: 24.0m (threshold: 10.0m)
2026-09-27 20:40:56,137 - drone_ids.detector.GPSSpoofingDetector - WARNING - ALERT [WARNING] gps_imu_discrepancy: GPS-IMU position discrepancy: 119.9m (threshold: 10.0m)
2026-09-27 20:40:57,355 - drone_ids.detector.GPSSpoofingDetector - WARNING - ALERT [WARNING] gps_imu_discrepancy: GPS-IMU position discrepancy: 215.8m (threshold: 10.0m)
2026-09-27 20:40:57,660 - drone_ids.detector.GPSSpoofingDetector - WARNING - ALERT [CRITICAL] gps_impossible_velocity: GPS velocity 1149.2 m/s exceeds maximum 100.0 m/s
2026-09-27 20:40:57,661 - drone_ids.detector.GPSSpoofingDetector - WARNING - ALERT [CRITICAL] gps_position_jump: GPS position jump 117.9m in 0.1s (max: 50.0m)
2026-09-27 20:40:58,663 - drone_ids.detector.GPSSpoofingDetector - WARNING - ALERT [CRITICAL] gps_impossible_velocity: GPS velocity 348.8 m/s exceeds maximum 100.0 m/s
2026-09-27 20:40:58,664 - drone_ids.detector.GPSSpoofingDetector - WARNING - ALERT [CRITICAL] gps_position_jump: GPS position jump 349.6m in 1.0s (max: 50.0m)
2026-09-27 20:40:59,150 - drone_ids.detector.TelemetryManipulationDetector - WARNING - ALERT [WARNING] impossible_attitude_rate: Impossible attitude rate: 499.6 deg/s
2026-09-27 20:40:59,153 - drone_ids.detector.TelemetryManipulationDetector - WARNING - ALERT [WARNING] impossible_reported_velocity: Impossible reported velocity: 220.0 m/s
2026-09-27 20:40:59,153 - drone_ids.detector.TelemetryManipulationDetector - WARNING - ALERT [WARNING] impossible_velocity_change: Impossible velocity change: 1691.1 m/s²
2026-09-27 20:40:59,154 - drone_ids.detector.TelemetryManipulationDetector - WARNING - ALERT [WARNING] voltage_jump: Voltage jump: 8.65V
2026-09-27 20:40:59,154 - drone_ids.detector.TelemetryManipulationDetector - WARNING - ALERT [WARNING] current_jump: Current jump: 110.00A
2026-09-27 20:41:00,208 - drone_ids.detector.TelemetryManipulationDetector - WARNING - ALERT [WARNING] impossible_attitude_rate: Impossible attitude rate: 499.6 deg/s
2026-09-27 20:41:00,209 - drone_ids.detector.TelemetryManipulationDetector - WARNING - ALERT [WARNING] impossible_reported_velocity: Impossible reported velocity: 220.0 m/s
2026-09-27 20:41:00,566 - drone_ids.mission_simulator - INFO - Firmware integrity check complete — reference accepted
2026-09-27 20:41:00,566 - drone_ids.mission_simulator - INFO - Mode changed: GUIDED
2026-09-27 20:41:00,566 - drone_ids.mission_simulator - WARNING - Drone ARMED
2026-09-27 20:41:00,566 - drone_ids.mission_simulator - INFO - Mission started: waypoint loop active
2026-09-27 20:41:00,567 - drone_ids.detector.MAVLinkAnomalyDetector - WARNING - ALERT [WARNING] mavlink_sequence_gap: MAVLink sequence gap: 49 (sys=1, comp=1, type=GLOBAL_POSITION_INT)
2026-09-27 20:41:00,568 - drone_ids.detector.TelemetryManipulationDetector - WARNING - ALERT [WARNING] impossible_velocity_change: Impossible velocity change: 6423.6 m/s²
2026-09-27 20:41:00,568 - drone_ids.detector.TelemetryManipulationDetector - WARNING - ALERT [WARNING] compass_heading_mismatch: Compass-GPS heading mismatch: 180.0 deg
2026-09-27 20:41:00,568 - drone_ids.detector.TelemetryManipulationDetector - WARNING - ALERT [WARNING] voltage_jump: Voltage jump: 8.70V
2026-09-27 20:41:00,569 - drone_ids.detector.TelemetryManipulationDetector - WARNING - ALERT [WARNING] current_jump: Current jump: 110.00A
2026-09-27 20:41:01,376 - drone_ids.detector.MAVLinkAnomalyDetector - WARNING - ALERT [WARNING] mavlink_rate_anomaly: MAVLink rate anomaly HEARTBEAT: 2.5/s (baseline: 1.2/s, z=497.5)
2026-09-27 20:41:01,776 - drone_ids.detector.MAVLinkAnomalyDetector - WARNING - ALERT [WARNING] mavlink_sequence_gap: MAVLink sequence gap: 184 (sys=1, comp=1, type=GPS_RAW_INT)
2026-09-27 20:41:01,781 - drone_ids.detector.GPSSpoofingDetector - WARNING - ALERT [CRITICAL] gps_impossible_velocity: GPS velocity 347.2 m/s exceeds maximum 100.0 m/s
2026-09-27 20:41:01,783 - drone_ids.detector.TelemetryManipulationDetector - WARNING - ALERT [WARNING] impossible_position_rate: Impossible position rate: 368.7 m/s
2026-09-27 20:41:02,261 - drone_ids.detector.CommandInjectionDetector - WARNING - ALERT [CRITICAL] command_unauthorized_source: Command 400 from unauthorized source sys=99 comp=1
2026-09-27 20:41:02,262 - drone_ids.detector.CommandInjectionDetector - WARNING - ALERT [WARNING] command_arm_attempt: ARM command from sys=99
2026-09-27 20:41:02,612 - drone_ids.detector.CommandInjectionDetector - WARNING - ALERT [WARNING] command_disarm_attempt: DISARM command from sys=99
2026-09-27 20:41:02,792 - drone_ids.detector.MAVLinkAnomalyDetector - WARNING - ALERT [WARNING] mavlink_sequence_gap: MAVLink sequence gap: 70 (sys=1, comp=1, type=GPS_RAW_INT)
2026-09-27 20:41:02,997 - drone_ids.detector.MAVLinkAnomalyDetector - WARNING - ALERT [WARNING] mavlink_rate_anomaly: MAVLink rate anomaly HEARTBEAT: 1.6/s (baseline: 1.2/s, z=163.2)
2026-09-27 20:41:03,313 - drone_ids.detector.CommandInjectionDetector - WARNING - ALERT [CRITICAL] command_unauthorized_source: Command 22 from unauthorized source sys=99 comp=1
2026-09-27 20:41:03,803 - drone_ids.detector.MAVLinkAnomalyDetector - WARNING - ALERT [WARNING] mavlink_sequence_gap: MAVLink sequence gap: 88 (sys=1, comp=1, type=GPS_RAW_INT)
2026-09-27 20:41:04,612 - drone_ids.detector.MAVLinkAnomalyDetector - WARNING - ALERT [WARNING] mavlink_rate_anomaly: MAVLink rate anomaly HEARTBEAT: 1.5/s (baseline: 1.2/s, z=97.4)
2026-09-27 20:41:04,814 - drone_ids.detector.MAVLinkAnomalyDetector - WARNING - ALERT [WARNING] mavlink_sequence_gap: MAVLink sequence gap: 242 (sys=1, comp=1, type=GPS_RAW_INT)
2026-09-27 20:41:05,654 - drone_ids.detector.FirmwareIntegrityDetector - WARNING - ALERT [WARNING] param_integrity_violation: Critical parameter SYSID_THISMAV integrity check failed
2026-09-27 20:41:06,227 - drone_ids.detector.MAVLinkAnomalyDetector - WARNING - ALERT [WARNING] mavlink_rate_anomaly: MAVLink rate anomaly HEARTBEAT: 1.4/s (baseline: 1.2/s, z=80.9)
2026-09-27 20:41:06,654 - drone_ids.detector.MAVLinkAnomalyDetector - WARNING - ALERT [WARNING] mavlink_sequence_gap: MAVLink sequence gap: 232 (sys=1, comp=1, type=STATUSTEXT)
2026-09-27 20:41:06,657 - drone_ids.mission_simulator - WARNING - MAVLink COMMAND LINK OFFLINE — packet flood detected
2026-09-27 20:41:06,658 - drone_ids.mission_simulator - WARNING - Failsafe engaged: mode changed to RTL
2026-09-27 20:41:06,658 - drone_ids.mission_simulator - WARNING - Vehicle returning to home waypoint
2026-09-27 20:41:06,832 - drone_ids.detector.TelemetryManipulationDetector - WARNING - ALERT [WARNING] impossible_velocity_change: Impossible velocity change: 99.2 m/s²
2026-09-27 20:41:06,834 - drone_ids.detector.TelemetryManipulationDetector - WARNING - ALERT [WARNING] compass_heading_mismatch: Compass-GPS heading mismatch: 180.0 deg
2026-09-27 20:41:07,043 - drone_ids.detector.DoSDetector - WARNING - ALERT [WARNING] low_rssi: Low RSSI: -96 dBm (min: -90)
2026-09-27 20:41:07,043 - drone_ids.detector.DoSDetector - WARNING - ALERT [CRITICAL] rssi_sudden_drop: Sudden RSSI drop: 168 dBm (possible jamming)
2026-09-27 20:41:07,320 - drone_ids.detector.DoSDetector - WARNING - ALERT [WARNING] message_flood: Message flood: 501 msgs in 1.0s (limit: 500)
2026-09-27 20:41:07,657 - drone_ids.detector.CommandInjectionDetector - WARNING - ALERT [WARNING] command_missing_ack: Command 400 not acknowledged within 5.0s
2026-09-27 20:41:07,670 - drone_ids.detector.MAVLinkAnomalyDetector - WARNING - ALERT [WARNING] mavlink_sequence_gap: MAVLink sequence gap: 101 (sys=1, comp=1, type=PARAM_REQUEST_READ)
2026-09-27 20:41:07,852 - drone_ids.detector.MAVLinkAnomalyDetector - WARNING - ALERT [WARNING] mavlink_rate_anomaly: MAVLink rate anomaly HEARTBEAT: 1.4/s (baseline: 1.2/s, z=80.4)
2026-09-27 20:41:08,320 - drone_ids.detector.DoSDetector - WARNING - ALERT [WARNING] message_flood: Message flood: 644 msgs in 1.0s (limit: 500)
2026-09-27 20:41:08,665 - drone_ids.detector.DoSDetector - WARNING - ALERT [WARNING] low_rssi: Low RSSI: -96 dBm (min: -90)
2026-09-27 20:41:08,672 - drone_ids.detector.CommandInjectionDetector - WARNING - ALERT [WARNING] command_missing_ack: Command 21 not acknowledged within 5.0s
2026-09-27 20:41:08,678 - drone_ids.detector.MAVLinkAnomalyDetector - WARNING - ALERT [WARNING] mavlink_sequence_gap: MAVLink sequence gap: 221 (sys=1, comp=1, type=PARAM_REQUEST_READ)
2026-09-27 20:41:09,322 - drone_ids.detector.DoSDetector - WARNING - ALERT [WARNING] message_flood: Message flood: 669 msgs in 1.0s (limit: 500)
2026-09-27 20:41:09,487 - drone_ids.detector.MAVLinkAnomalyDetector - WARNING - ALERT [WARNING] mavlink_rate_anomaly: MAVLink rate anomaly HEARTBEAT: 1.4/s (baseline: 1.2/s, z=78.0)
2026-09-27 20:41:10,113 - drone_ids.detector.MAVLinkAnomalyDetector - WARNING - ALERT [WARNING] mavlink_sequence_gap: MAVLink sequence gap: 157 (sys=1, comp=1, type=STATUSTEXT)
2026-09-27 20:41:10,300 - drone_ids.detector.DoSDetector - WARNING - ALERT [WARNING] low_rssi: Low RSSI: -96 dBm (min: -90)
2026-09-27 20:41:10,706 - drone_ids.mission_simulator - INFO - Home waypoint reached
2026-09-27 20:41:10,706 - drone_ids.mission_simulator - INFO - RTL complete — mode changed to HOLD
2026-09-27 20:41:10,706 - drone_ids.mission_simulator - INFO - MAVLink link recovered
2026-09-27 20:41:10,707 - drone_ids.mission_simulator - WARNING - Drone DISARMED
2026-09-27 20:41:15,007 - drone_ids.engine - INFO - Stats: msgs=5271, rate=9.3/s, alerts=123, errors=0
2026-09-27 20:41:45,041 - drone_ids.engine - INFO - Stats: msgs=5271, rate=8.9/s, alerts=123, errors=0
2026-09-27 20:42:15,080 - drone_ids.engine - INFO - Stats: msgs=5271, rate=8.4/s, alerts=123, errors=0
2026-09-27 20:42:45,115 - drone_ids.engine - INFO - Stats: msgs=5271, rate=8.0/s, alerts=123, errors=0
2026-09-27 20:43:15,145 - drone_ids.engine - INFO - Stats: msgs=5271, rate=7.7/s, alerts=123, errors=0
2026-09-27 20:43:45,178 - drone_ids.engine - INFO - Stats: msgs=5271, rate=7.4/s, alerts=123, errors=0
2026-09-27 20:44:15,217 - drone_ids.engine - INFO - Stats: msgs=5271, rate=7.1/s, alerts=123, errors=0
2026-09-27 20:44:45,249 - drone_ids.engine - INFO - Stats: msgs=5271, rate=6.8/s, alerts=123, errors=0
2026-09-27 20:45:15,284 - drone_ids.engine - INFO - Stats: msgs=5271, rate=6.5/s, alerts=123, errors=0
2026-09-27 20:45:45,315 - drone_ids.engine - INFO - Stats: msgs=5271, rate=6.3/s, alerts=123, errors=0
2026-09-27 20:46:15,350 - drone_ids.engine - INFO - Stats: msgs=5271, rate=6.1/s, alerts=123, errors=0
2026-09-27 20:46:45,380 - drone_ids.engine - INFO - Stats: msgs=5271, rate=5.9/s, alerts=123, errors=0
2026-09-27 20:47:07,708 - drone_ids.web_runner - INFO - Signal 2 received — shutting down …
2026-09-27 20:47:07,709 - drone_ids.web_runner - INFO - Stopping IDS engine …
2026-09-27 20:47:07,709 - drone_ids.detector.GPSSpoofingDetector - INFO - GPS Spoofing Detector shutdown
2026-09-27 20:47:07,709 - drone_ids.detector.MAVLinkAnomalyDetector - INFO - MAVLink Anomaly Detector shutdown
2026-09-27 20:47:07,710 - drone_ids.detector.CommandInjectionDetector - INFO - Command Injection Detector shutdown
2026-09-27 20:47:07,710 - drone_ids.detector.TelemetryManipulationDetector - INFO - Telemetry Manipulation Detector shutdown
2026-09-27 20:47:07,710 - drone_ids.detector.DoSDetector - INFO - DoS Detector shutdown
2026-09-27 20:47:07,710 - drone_ids.detector.FirmwareIntegrityDetector - INFO - Firmware Integrity Detector shutdown
2026-09-27 20:47:07,800 - drone_ids.engine - INFO - IDS Engine stopped
2026-09-27 20:47:08,357 - drone_ids.alert_manager - INFO - Alert Manager stopped
2026-09-27 20:47:09,241 - drone_ids.mavlink - INFO - Disconnected
2026-09-27 20:47:09,241 - drone_ids.web_runner - INFO - Engine thread shut down
2026-09-27 20:47:09,264 - drone_ids.web_runner - INFO - Goodbye.
2026-09-27 20:47:10,981 - drone_ids.engine - INFO - Added detector: GPSSpoofingDetector
2026-09-27 20:47:10,981 - drone_ids.web_runner - INFO - Registered detector: GPSSpoofingDetector
2026-09-27 20:47:10,981 - drone_ids.engine - INFO - Added detector: MAVLinkAnomalyDetector
2026-09-27 20:47:10,981 - drone_ids.web_runner - INFO - Registered detector: MAVLinkAnomalyDetector
2026-09-27 20:47:10,981 - drone_ids.engine - INFO - Added detector: CommandInjectionDetector
2026-09-27 20:47:10,981 - drone_ids.web_runner - INFO - Registered detector: CommandInjectionDetector
2026-09-27 20:47:10,981 - drone_ids.engine - INFO - Added detector: TelemetryManipulationDetector
2026-09-27 20:47:10,981 - drone_ids.web_runner - INFO - Registered detector: TelemetryManipulationDetector
2026-09-27 20:47:10,981 - drone_ids.engine - INFO - Added detector: DoSDetector
2026-09-27 20:47:10,981 - drone_ids.web_runner - INFO - Registered detector: DoSDetector
2026-09-27 20:47:10,981 - drone_ids.engine - INFO - Added detector: FirmwareIntegrityDetector
2026-09-27 20:47:10,981 - drone_ids.web_runner - INFO - Registered detector: FirmwareIntegrityDetector
2026-09-27 20:47:10,982 - drone_ids.alert_manager - INFO - Alert Manager started
2026-09-27 20:47:10,982 - drone_ids.web_runner - INFO - Alert manager started
2026-09-27 20:47:10,982 - drone_ids.web_runner - INFO - Connecting to SITL on udp:127.0.0.1:14550 …
2026-09-27 20:47:10,983 - drone_ids.mavlink - INFO - Connecting to SITL: udp:127.0.0.1:14550
2026-09-27 20:47:10,983 - drone_ids.mavlink - INFO - Waiting for SITL heartbeat...
2026-09-27 20:47:15,989 - drone_ids.mavlink - INFO - Connected to SITL system 0
2026-09-27 20:47:15,989 - drone_ids.mavlink - INFO - Injection listener started on UDP port 14551
2026-09-27 20:47:15,990 - drone_ids.mavlink - INFO - Injection loop started, waiting for packets on port 14551
2026-09-27 20:47:15,992 - drone_ids.web_runner - INFO - Requested MAVLink stream 0 @ 10 Hz
2026-09-27 20:47:15,993 - drone_ids.web_runner - INFO - Requested MAVLink stream 5 @ 10 Hz
2026-09-27 20:47:15,994 - drone_ids.web_runner - INFO - Requested MAVLink stream 2 @ 5 Hz
2026-09-27 20:47:15,994 - drone_ids.detector.GPSSpoofingDetector - INFO - GPS Spoofing Detector initialized
2026-09-27 20:47:15,994 - drone_ids.engine - INFO - Initialized detector: GPSSpoofingDetector
2026-09-27 20:47:15,995 - drone_ids.detector.MAVLinkAnomalyDetector - INFO - MAVLink Anomaly Detector initialized
2026-09-27 20:47:15,995 - drone_ids.engine - INFO - Initialized detector: MAVLinkAnomalyDetector
2026-09-27 20:47:15,995 - drone_ids.detector.CommandInjectionDetector - INFO - Command Injection Detector initialized
2026-09-27 20:47:15,996 - drone_ids.engine - INFO - Initialized detector: CommandInjectionDetector
2026-09-27 20:47:15,996 - drone_ids.detector.TelemetryManipulationDetector - INFO - Telemetry Manipulation Detector initialized
2026-09-27 20:47:15,996 - drone_ids.engine - INFO - Initialized detector: TelemetryManipulationDetector
2026-09-27 20:47:15,996 - drone_ids.detector.DoSDetector - INFO - DoS Detector initialized
2026-09-27 20:47:15,996 - drone_ids.engine - INFO - Initialized detector: DoSDetector
2026-09-27 20:47:15,996 - drone_ids.detector.FirmwareIntegrityDetector - INFO - Firmware Integrity Detector initialized
2026-09-27 20:47:15,996 - drone_ids.engine - INFO - Initialized detector: FirmwareIntegrityDetector
2026-09-27 20:47:15,998 - drone_ids.engine - INFO - IDS Engine started
2026-09-27 20:47:15,998 - drone_ids.web_runner - INFO - IDS Engine started — monitoring active
2026-09-27 20:47:23,904 - drone_ids.detector.GPSSpoofingDetector - WARNING - ALERT [WARNING] gps_imu_discrepancy: GPS-IMU position discrepancy: 24.0m (threshold: 10.0m)
2026-09-27 20:47:25,129 - drone_ids.detector.GPSSpoofingDetector - WARNING - ALERT [WARNING] gps_imu_discrepancy: GPS-IMU position discrepancy: 119.9m (threshold: 10.0m)
2026-09-27 20:47:26,355 - drone_ids.detector.GPSSpoofingDetector - WARNING - ALERT [WARNING] gps_imu_discrepancy: GPS-IMU position discrepancy: 215.8m (threshold: 10.0m)
2026-09-27 20:47:26,662 - drone_ids.detector.GPSSpoofingDetector - WARNING - ALERT [CRITICAL] gps_impossible_velocity: GPS velocity 1161.1 m/s exceeds maximum 100.0 m/s
2026-09-27 20:47:26,663 - drone_ids.detector.GPSSpoofingDetector - WARNING - ALERT [CRITICAL] gps_position_jump: GPS position jump 118.7m in 0.1s (max: 50.0m)
2026-09-27 20:47:27,664 - drone_ids.detector.GPSSpoofingDetector - WARNING - ALERT [CRITICAL] gps_impossible_velocity: GPS velocity 340.9 m/s exceeds maximum 100.0 m/s
2026-09-27 20:47:27,665 - drone_ids.detector.GPSSpoofingDetector - WARNING - ALERT [CRITICAL] gps_position_jump: GPS position jump 341.6m in 1.0s (max: 50.0m)
2026-09-27 20:47:28,149 - drone_ids.detector.TelemetryManipulationDetector - WARNING - ALERT [WARNING] impossible_attitude_rate: Impossible attitude rate: 499.6 deg/s
2026-09-27 20:47:28,150 - drone_ids.detector.TelemetryManipulationDetector - WARNING - ALERT [WARNING] impossible_reported_velocity: Impossible reported velocity: 220.0 m/s
2026-09-27 20:47:28,150 - drone_ids.detector.TelemetryManipulationDetector - WARNING - ALERT [WARNING] impossible_velocity_change: Impossible velocity change: 1745.9 m/s²
2026-09-27 20:47:28,150 - drone_ids.detector.TelemetryManipulationDetector - WARNING - ALERT [WARNING] voltage_jump: Voltage jump: 8.30V
2026-09-27 20:47:28,150 - drone_ids.detector.TelemetryManipulationDetector - WARNING - ALERT [WARNING] current_jump: Current jump: 110.00A
2026-09-27 20:47:29,202 - drone_ids.detector.TelemetryManipulationDetector - WARNING - ALERT [WARNING] impossible_attitude_rate: Impossible attitude rate: 499.6 deg/s
2026-09-27 20:47:29,202 - drone_ids.detector.TelemetryManipulationDetector - WARNING - ALERT [WARNING] impossible_reported_velocity: Impossible reported velocity: 220.0 m/s
2026-09-27 20:47:29,283 - drone_ids.detector.GPSSpoofingDetector - WARNING - ALERT [WARNING] gps_imu_discrepancy: GPS-IMU position discrepancy: 10.0m (threshold: 10.0m)
2026-09-27 20:47:30,768 - drone_ids.detector.TelemetryManipulationDetector - WARNING - ALERT [WARNING] impossible_velocity_change: Impossible velocity change: 196.1 m/s²
2026-09-27 20:47:30,768 - drone_ids.detector.TelemetryManipulationDetector - WARNING - ALERT [WARNING] voltage_jump: Voltage jump: 8.30V
2026-09-27 20:47:30,768 - drone_ids.detector.TelemetryManipulationDetector - WARNING - ALERT [WARNING] current_jump: Current jump: 110.00A
2026-09-27 20:47:31,251 - drone_ids.detector.CommandInjectionDetector - WARNING - ALERT [CRITICAL] command_unauthorized_source: Command 400 from unauthorized source sys=99 comp=1
2026-09-27 20:47:31,253 - drone_ids.detector.CommandInjectionDetector - WARNING - ALERT [WARNING] command_arm_attempt: ARM command from sys=99
2026-09-27 20:47:31,602 - drone_ids.detector.CommandInjectionDetector - WARNING - ALERT [WARNING] command_disarm_attempt: DISARM command from sys=99
2026-09-27 20:47:32,303 - drone_ids.detector.CommandInjectionDetector - WARNING - ALERT [CRITICAL] command_unauthorized_source: Command 22 from unauthorized source sys=99 comp=1
2026-09-27 20:47:33,494 - drone_ids.detector.MAVLinkAnomalyDetector - WARNING - ALERT [WARNING] mavlink_sequence_gap: MAVLink sequence gap: 96 (sys=1, comp=1, type=STATUSTEXT)
2026-09-27 20:47:34,649 - drone_ids.detector.MAVLinkAnomalyDetector - WARNING - ALERT [WARNING] mavlink_sequence_gap: MAVLink sequence gap: 137 (sys=99, comp=1, type=PARAM_VALUE)
2026-09-27 20:47:34,650 - drone_ids.detector.FirmwareIntegrityDetector - WARNING - ALERT [WARNING] param_integrity_violation: Critical parameter SYSID_THISMAV integrity check failed
2026-09-27 20:47:36,386 - drone_ids.detector.DoSDetector - WARNING - ALERT [WARNING] message_flood: Message flood: 501 msgs in 1.0s (limit: 500)
2026-09-27 20:47:36,625 - drone_ids.detector.CommandInjectionDetector - WARNING - ALERT [WARNING] command_missing_ack: Command 400 not acknowledged within 5.0s
2026-09-27 20:47:37,389 - drone_ids.detector.DoSDetector - WARNING - ALERT [WARNING] message_flood: Message flood: 624 msgs in 1.0s (limit: 500)
2026-09-27 20:47:37,731 - drone_ids.detector.CommandInjectionDetector - WARNING - ALERT [WARNING] command_missing_ack: Command 21 not acknowledged within 5.0s
2026-09-27 20:47:38,432 - drone_ids.detector.DoSDetector - WARNING - ALERT [WARNING] message_flood: Message flood: 600 msgs in 1.0s (limit: 500)
2026-09-27 20:47:40,235 - drone_ids.engine - INFO - Stats: msgs=2095, rate=86.4/s, alerts=30, errors=0
2026-09-27 20:47:53,689 - drone_ids.detector.GPSSpoofingDetector - WARNING - ALERT [CRITICAL] gps_position_jump: GPS position jump 90.0m in 20.3s (max: 50.0m)
2026-09-27 20:47:53,690 - drone_ids.detector.MAVLinkAnomalyDetector - WARNING - ALERT [WARNING] mavlink_sequence_gap: MAVLink sequence gap: 116 (sys=1, comp=1, type=GPS_RAW_INT)
2026-09-27 20:47:55,473 - drone_ids.detector.GPSSpoofingDetector - WARNING - ALERT [WARNING] gps_imu_discrepancy: GPS-IMU position discrepancy: 24.0m (threshold: 10.0m)
2026-09-27 20:47:56,705 - drone_ids.detector.GPSSpoofingDetector - WARNING - ALERT [WARNING] gps_imu_discrepancy: GPS-IMU position discrepancy: 119.9m (threshold: 10.0m)
2026-09-27 20:47:57,937 - drone_ids.detector.GPSSpoofingDetector - WARNING - ALERT [WARNING] gps_imu_discrepancy: GPS-IMU position discrepancy: 215.8m (threshold: 10.0m)
2026-09-27 20:47:58,245 - drone_ids.detector.GPSSpoofingDetector - WARNING - ALERT [CRITICAL] gps_impossible_velocity: GPS velocity 1157.5 m/s exceeds maximum 100.0 m/s
2026-09-27 20:47:58,246 - drone_ids.detector.GPSSpoofingDetector - WARNING - ALERT [CRITICAL] gps_position_jump: GPS position jump 118.7m in 0.1s (max: 50.0m)
2026-09-27 20:47:59,248 - drone_ids.detector.GPSSpoofingDetector - WARNING - ALERT [CRITICAL] gps_impossible_velocity: GPS velocity 340.4 m/s exceeds maximum 100.0 m/s
2026-09-27 20:47:59,250 - drone_ids.detector.GPSSpoofingDetector - WARNING - ALERT [CRITICAL] gps_position_jump: GPS position jump 341.6m in 1.0s (max: 50.0m)
2026-09-27 20:47:59,736 - drone_ids.detector.TelemetryManipulationDetector - WARNING - ALERT [WARNING] impossible_attitude_rate: Impossible attitude rate: 499.6 deg/s
2026-09-27 20:47:59,737 - drone_ids.detector.TelemetryManipulationDetector - WARNING - ALERT [WARNING] impossible_reported_velocity: Impossible reported velocity: 220.0 m/s
2026-09-27 20:47:59,738 - drone_ids.detector.TelemetryManipulationDetector - WARNING - ALERT [WARNING] impossible_velocity_change: Impossible velocity change: 1714.6 m/s²
2026-09-27 20:47:59,739 - drone_ids.detector.TelemetryManipulationDetector - WARNING - ALERT [WARNING] voltage_jump: Voltage jump: 8.30V
2026-09-27 20:47:59,740 - drone_ids.detector.TelemetryManipulationDetector - WARNING - ALERT [WARNING] current_jump: Current jump: 110.00A
2026-09-27 20:48:00,806 - drone_ids.detector.TelemetryManipulationDetector - WARNING - ALERT [WARNING] impossible_attitude_rate: Impossible attitude rate: 499.6 deg/s
2026-09-27 20:48:00,807 - drone_ids.detector.TelemetryManipulationDetector - WARNING - ALERT [WARNING] impossible_reported_velocity: Impossible reported velocity: 220.0 m/s
2026-09-27 20:48:00,889 - drone_ids.detector.GPSSpoofingDetector - WARNING - ALERT [WARNING] gps_imu_discrepancy: GPS-IMU position discrepancy: 10.2m (threshold: 10.0m)
2026-09-27 20:48:02,386 - drone_ids.detector.TelemetryManipulationDetector - WARNING - ALERT [WARNING] impossible_velocity_change: Impossible velocity change: 195.7 m/s²
2026-09-27 20:48:02,388 - drone_ids.detector.TelemetryManipulationDetector - WARNING - ALERT [WARNING] voltage_jump: Voltage jump: 8.30V
2026-09-27 20:48:02,389 - drone_ids.detector.TelemetryManipulationDetector - WARNING - ALERT [WARNING] current_jump: Current jump: 110.00A
2026-09-27 20:48:02,873 - drone_ids.detector.MAVLinkAnomalyDetector - WARNING - ALERT [WARNING] mavlink_sequence_gap: MAVLink sequence gap: 109 (sys=99, comp=1, type=COMMAND_LONG)
2026-09-27 20:48:02,874 - drone_ids.detector.CommandInjectionDetector - WARNING - ALERT [CRITICAL] command_unauthorized_source: Command 400 from unauthorized source sys=99 comp=1
2026-09-27 20:48:02,875 - drone_ids.detector.CommandInjectionDetector - WARNING - ALERT [WARNING] command_arm_attempt: ARM command from sys=99
2026-09-27 20:48:03,224 - drone_ids.detector.CommandInjectionDetector - WARNING - ALERT [WARNING] command_disarm_attempt: DISARM command from sys=99
2026-09-27 20:48:03,924 - drone_ids.detector.CommandInjectionDetector - WARNING - ALERT [CRITICAL] command_unauthorized_source: Command 22 from unauthorized source sys=99 comp=1
2026-09-27 20:48:05,114 - drone_ids.detector.MAVLinkAnomalyDetector - WARNING - ALERT [WARNING] mavlink_sequence_gap: MAVLink sequence gap: 96 (sys=1, comp=1, type=STATUSTEXT)
2026-09-27 20:48:06,268 - drone_ids.detector.MAVLinkAnomalyDetector - WARNING - ALERT [WARNING] mavlink_sequence_gap: MAVLink sequence gap: 137 (sys=99, comp=1, type=PARAM_VALUE)
2026-09-27 20:48:06,269 - drone_ids.detector.FirmwareIntegrityDetector - WARNING - ALERT [WARNING] param_integrity_violation: Critical parameter SYSID_THISMAV integrity check failed
2026-09-27 20:48:08,013 - drone_ids.detector.DoSDetector - WARNING - ALERT [WARNING] message_flood: Message flood: 501 msgs in 1.0s (limit: 500)
2026-09-27 20:48:08,268 - drone_ids.detector.CommandInjectionDetector - WARNING - ALERT [WARNING] command_missing_ack: Command 400 not acknowledged within 5.0s
2026-09-27 20:48:09,016 - drone_ids.detector.DoSDetector - WARNING - ALERT [WARNING] message_flood: Message flood: 640 msgs in 1.0s (limit: 500)
2026-09-27 20:48:09,281 - drone_ids.detector.CommandInjectionDetector - WARNING - ALERT [WARNING] command_missing_ack: Command 21 not acknowledged within 5.0s
2026-09-27 20:48:10,092 - drone_ids.detector.DoSDetector - WARNING - ALERT [WARNING] message_flood: Message flood: 600 msgs in 1.0s (limit: 500)
2026-09-27 20:48:10,292 - drone_ids.engine - INFO - Stats: msgs=4188, rate=77.1/s, alerts=63, errors=0
2026-09-27 20:48:40,320 - drone_ids.engine - INFO - Stats: msgs=4190, rate=49.7/s, alerts=63, errors=0
2026-09-27 20:49:10,349 - drone_ids.engine - INFO - Stats: msgs=4190, rate=36.6/s, alerts=63, errors=0
2026-09-27 20:49:40,379 - drone_ids.engine - INFO - Stats: msgs=4190, rate=29.0/s, alerts=63, errors=0
2026-09-27 20:49:59,261 - drone_ids.mission_simulator - INFO - Firmware integrity check complete — reference accepted
2026-09-27 20:49:59,262 - drone_ids.mission_simulator - INFO - Mode changed: GUIDED
2026-09-27 20:49:59,263 - drone_ids.mission_simulator - WARNING - Drone ARMED
2026-09-27 20:49:59,263 - drone_ids.mission_simulator - INFO - Mission started: waypoint loop active
2026-09-27 20:49:59,263 - drone_ids.detector.GPSSpoofingDetector - WARNING - ALERT [CRITICAL] gps_position_jump: GPS position jump 90.5m in 114.3s (max: 50.0m)
2026-09-27 20:49:59,264 - drone_ids.detector.MAVLinkAnomalyDetector - WARNING - ALERT [WARNING] mavlink_sequence_gap: MAVLink sequence gap: 116 (sys=1, comp=1, type=GLOBAL_POSITION_INT)
2026-09-27 20:50:03,317 - drone_ids.detector.MAVLinkAnomalyDetector - WARNING - ALERT [WARNING] mavlink_sequence_gap: MAVLink sequence gap: 150 (sys=1, comp=1, type=GPS_RAW_INT)
2026-09-27 20:50:03,693 - drone_ids.detector.GPSSpoofingDetector - WARNING - ALERT [CRITICAL] gps_impossible_velocity: GPS velocity 137.3 m/s exceeds maximum 100.0 m/s
2026-09-27 20:50:03,695 - drone_ids.detector.TelemetryManipulationDetector - WARNING - ALERT [WARNING] impossible_position_rate: Impossible position rate: 127.7 m/s
2026-09-27 20:50:04,413 - drone_ids.detector.MAVLinkAnomalyDetector - WARNING - ALERT [WARNING] mavlink_sequence_gap: MAVLink sequence gap: 180 (sys=1, comp=1, type=GPS_RAW_INT)
2026-09-27 20:50:04,909 - drone_ids.detector.GPSSpoofingDetector - WARNING - ALERT [CRITICAL] gps_impossible_velocity: GPS velocity 229.0 m/s exceeds maximum 100.0 m/s
2026-09-27 20:50:05,085 - drone_ids.detector.GPSSpoofingDetector - WARNING - ALERT [WARNING] gps_imu_discrepancy: GPS-IMU position discrepancy: 24.0m (threshold: 10.0m)
2026-09-27 20:50:05,518 - drone_ids.detector.GPSSpoofingDetector - WARNING - ALERT [CRITICAL] gps_position_jump: GPS position jump 54.3m in 0.0s (max: 50.0m)
2026-09-27 20:50:05,519 - drone_ids.detector.MAVLinkAnomalyDetector - WARNING - ALERT [WARNING] mavlink_sequence_gap: MAVLink sequence gap: 69 (sys=1, comp=1, type=GPS_RAW_INT)
2026-09-27 20:50:05,925 - drone_ids.detector.GPSSpoofingDetector - WARNING - ALERT [CRITICAL] gps_impossible_velocity: GPS velocity 2777.8 m/s exceeds maximum 100.0 m/s
2026-09-27 20:50:06,301 - drone_ids.detector.GPSSpoofingDetector - WARNING - ALERT [WARNING] gps_imu_discrepancy: GPS-IMU position discrepancy: 119.9m (threshold: 10.0m)
2026-09-27 20:50:06,530 - drone_ids.detector.GPSSpoofingDetector - WARNING - ALERT [CRITICAL] gps_position_jump: GPS position jump 134.2m in 0.0s (max: 50.0m)
2026-09-27 20:50:06,532 - drone_ids.detector.MAVLinkAnomalyDetector - WARNING - ALERT [WARNING] mavlink_sequence_gap: MAVLink sequence gap: 77 (sys=1, comp=1, type=GPS_RAW_INT)
2026-09-27 20:50:06,940 - drone_ids.detector.GPSSpoofingDetector - WARNING - ALERT [CRITICAL] gps_impossible_velocity: GPS velocity 5565.2 m/s exceeds maximum 100.0 m/s
2026-09-27 20:50:07,519 - drone_ids.detector.GPSSpoofingDetector - WARNING - ALERT [WARNING] gps_imu_discrepancy: GPS-IMU position discrepancy: 215.8m (threshold: 10.0m)
2026-09-27 20:50:07,548 - drone_ids.detector.GPSSpoofingDetector - WARNING - ALERT [CRITICAL] gps_position_jump: GPS position jump 214.1m in 0.0s (max: 50.0m)
2026-09-27 20:50:07,548 - drone_ids.detector.MAVLinkAnomalyDetector - WARNING - ALERT [WARNING] mavlink_sequence_gap: MAVLink sequence gap: 87 (sys=1, comp=1, type=GPS_RAW_INT)
2026-09-27 20:50:07,952 - drone_ids.detector.GPSSpoofingDetector - WARNING - ALERT [CRITICAL] gps_impossible_velocity: GPS velocity 2700.0 m/s exceeds maximum 100.0 m/s
2026-09-27 20:50:08,835 - drone_ids.detector.MAVLinkAnomalyDetector - WARNING - ALERT [WARNING] mavlink_sequence_gap: MAVLink sequence gap: 142 (sys=1, comp=1, type=GPS_RAW_INT)
2026-09-27 20:50:08,962 - drone_ids.detector.GPSSpoofingDetector - WARNING - ALERT [CRITICAL] gps_impossible_velocity: GPS velocity 249.3 m/s exceeds maximum 100.0 m/s
2026-09-27 20:50:08,963 - drone_ids.detector.TelemetryManipulationDetector - WARNING - ALERT [WARNING] impossible_position_rate: Impossible position rate: 218.2 m/s
2026-09-27 20:50:09,322 - drone_ids.detector.TelemetryManipulationDetector - WARNING - ALERT [WARNING] impossible_attitude_rate: Impossible attitude rate: 499.6 deg/s
2026-09-27 20:50:09,324 - drone_ids.detector.TelemetryManipulationDetector - WARNING - ALERT [WARNING] impossible_reported_velocity: Impossible reported velocity: 220.0 m/s
2026-09-27 20:50:09,324 - drone_ids.detector.TelemetryManipulationDetector - WARNING - ALERT [WARNING] impossible_velocity_change: Impossible velocity change: 1711.7 m/s²
2026-09-27 20:50:09,325 - drone_ids.detector.TelemetryManipulationDetector - WARNING - ALERT [WARNING] voltage_jump: Voltage jump: 8.68V
2026-09-27 20:50:09,326 - drone_ids.detector.TelemetryManipulationDetector - WARNING - ALERT [WARNING] current_jump: Current jump: 110.00A
2026-09-27 20:50:09,974 - drone_ids.detector.MAVLinkAnomalyDetector - WARNING - ALERT [WARNING] mavlink_sequence_gap: MAVLink sequence gap: 93 (sys=1, comp=1, type=GPS_RAW_INT)
2026-09-27 20:50:10,380 - drone_ids.detector.TelemetryManipulationDetector - WARNING - ALERT [WARNING] impossible_velocity_change: Impossible velocity change: 2890.0 m/s²
2026-09-27 20:50:10,386 - drone_ids.detector.TelemetryManipulationDetector - WARNING - ALERT [WARNING] impossible_attitude_rate: Impossible attitude rate: 499.6 deg/s
2026-09-27 20:50:10,387 - drone_ids.detector.TelemetryManipulationDetector - WARNING - ALERT [WARNING] impossible_reported_velocity: Impossible reported velocity: 220.0 m/s
2026-09-27 20:50:10,387 - drone_ids.detector.TelemetryManipulationDetector - WARNING - ALERT [WARNING] impossible_position_rate: Impossible position rate: 218.1 m/s
2026-09-27 20:50:10,415 - drone_ids.engine - INFO - Stats: msgs=4666, rate=26.8/s, alerts=95, errors=0
2026-09-27 20:50:10,585 - drone_ids.detector.TelemetryManipulationDetector - WARNING - ALERT [WARNING] voltage_jump: Voltage jump: 8.68V
2026-09-27 20:50:10,587 - drone_ids.detector.TelemetryManipulationDetector - WARNING - ALERT [WARNING] current_jump: Current jump: 110.26A
2026-09-27 20:50:10,991 - drone_ids.detector.MAVLinkAnomalyDetector - WARNING - ALERT [WARNING] mavlink_sequence_gap: MAVLink sequence gap: 78 (sys=1, comp=1, type=GPS_RAW_INT)
2026-09-27 20:50:12,002 - drone_ids.detector.MAVLinkAnomalyDetector - WARNING - ALERT [WARNING] mavlink_sequence_gap: MAVLink sequence gap: 96 (sys=1, comp=1, type=GPS_RAW_INT)
2026-09-27 20:50:12,206 - drone_ids.detector.GPSSpoofingDetector - WARNING - ALERT [CRITICAL] gps_impossible_velocity: GPS velocity 278.5 m/s exceeds maximum 100.0 m/s
2026-09-27 20:50:12,208 - drone_ids.detector.TelemetryManipulationDetector - WARNING - ALERT [WARNING] impossible_position_rate: Impossible position rate: 240.1 m/s
2026-09-27 20:50:12,442 - drone_ids.detector.CommandInjectionDetector - WARNING - ALERT [CRITICAL] command_unauthorized_source: Command 400 from unauthorized source sys=99 comp=1
2026-09-27 20:50:12,442 - drone_ids.detector.CommandInjectionDetector - WARNING - ALERT [WARNING] command_arm_attempt: ARM command from sys=99
2026-09-27 20:50:12,791 - drone_ids.detector.CommandInjectionDetector - WARNING - ALERT [WARNING] command_disarm_attempt: DISARM command from sys=99
2026-09-27 20:50:13,143 - drone_ids.detector.MAVLinkAnomalyDetector - WARNING - ALERT [WARNING] mavlink_sequence_gap: MAVLink sequence gap: 153 (sys=1, comp=1, type=STATUSTEXT)
2026-09-27 20:50:13,492 - drone_ids.detector.CommandInjectionDetector - WARNING - ALERT [CRITICAL] command_unauthorized_source: Command 22 from unauthorized source sys=99 comp=1
2026-09-27 20:50:14,195 - drone_ids.detector.MAVLinkAnomalyDetector - WARNING - ALERT [WARNING] mavlink_sequence_gap: MAVLink sequence gap: 134 (sys=1, comp=1, type=GPS_RAW_INT)
2026-09-27 20:50:14,443 - drone_ids.detector.GPSSpoofingDetector - WARNING - ALERT [CRITICAL] gps_impossible_velocity: GPS velocity 426.7 m/s exceeds maximum 100.0 m/s
2026-09-27 20:50:14,444 - drone_ids.detector.TelemetryManipulationDetector - WARNING - ALERT [WARNING] impossible_position_rate: Impossible position rate: 411.9 m/s
2026-09-27 20:50:15,254 - drone_ids.detector.MAVLinkAnomalyDetector - WARNING - ALERT [WARNING] mavlink_sequence_gap: MAVLink sequence gap: 14 (sys=1, comp=1, type=GPS_RAW_INT)
2026-09-27 20:50:15,836 - drone_ids.detector.FirmwareIntegrityDetector - WARNING - ALERT [WARNING] param_integrity_violation: Critical parameter SYSID_THISMAV integrity check failed
2026-09-27 20:50:16,835 - drone_ids.detector.MAVLinkAnomalyDetector - WARNING - ALERT [WARNING] mavlink_sequence_gap: MAVLink sequence gap: 208 (sys=1, comp=1, type=STATUSTEXT)
2026-09-27 20:50:16,839 - drone_ids.mission_simulator - WARNING - MAVLink COMMAND LINK OFFLINE — packet flood detected
2026-09-27 20:50:16,840 - drone_ids.mission_simulator - WARNING - Failsafe engaged: mode changed to RTL
2026-09-27 20:50:16,840 - drone_ids.mission_simulator - WARNING - Vehicle returning to home waypoint
2026-09-27 20:50:16,874 - drone_ids.detector.TelemetryManipulationDetector - WARNING - ALERT [WARNING] impossible_velocity_change: Impossible velocity change: 98.6 m/s²
2026-09-27 20:50:16,875 - drone_ids.detector.TelemetryManipulationDetector - WARNING - ALERT [WARNING] compass_heading_mismatch: Compass-GPS heading mismatch: 180.0 deg
2026-09-27 20:50:17,080 - drone_ids.detector.DoSDetector - WARNING - ALERT [WARNING] low_rssi: Low RSSI: -96 dBm (min: -90)
2026-09-27 20:50:17,080 - drone_ids.detector.DoSDetector - WARNING - ALERT [CRITICAL] rssi_sudden_drop: Sudden RSSI drop: 168 dBm (possible jamming)
2026-09-27 20:50:17,500 - drone_ids.detector.DoSDetector - WARNING - ALERT [WARNING] message_flood: Message flood: 501 msgs in 1.0s (limit: 500)
2026-09-27 20:50:17,833 - drone_ids.detector.CommandInjectionDetector - WARNING - ALERT [WARNING] command_missing_ack: Command 400 not acknowledged within 5.0s
2026-09-27 20:50:17,904 - drone_ids.detector.MAVLinkAnomalyDetector - WARNING - ALERT [WARNING] mavlink_sequence_gap: MAVLink sequence gap: 121 (sys=1, comp=1, type=GPS_RAW_INT)
2026-09-27 20:50:18,500 - drone_ids.detector.DoSDetector - WARNING - ALERT [WARNING] message_flood: Message flood: 654 msgs in 1.0s (limit: 500)
2026-09-27 20:50:18,732 - drone_ids.detector.DoSDetector - WARNING - ALERT [WARNING] low_rssi: Low RSSI: -96 dBm (min: -90)
2026-09-27 20:50:18,937 - drone_ids.detector.CommandInjectionDetector - WARNING - ALERT [WARNING] command_missing_ack: Command 21 not acknowledged within 5.0s
2026-09-27 20:50:18,947 - drone_ids.detector.MAVLinkAnomalyDetector - WARNING - ALERT [WARNING] mavlink_sequence_gap: MAVLink sequence gap: 253 (sys=1, comp=1, type=PARAM_REQUEST_READ)
2026-09-27 20:50:19,500 - drone_ids.detector.DoSDetector - WARNING - ALERT [WARNING] message_flood: Message flood: 660 msgs in 1.0s (limit: 500)
2026-09-27 20:50:20,290 - drone_ids.detector.MAVLinkAnomalyDetector - WARNING - ALERT [WARNING] mavlink_sequence_gap: MAVLink sequence gap: 133 (sys=1, comp=1, type=STATUSTEXT)
2026-09-27 20:50:20,357 - drone_ids.detector.DoSDetector - WARNING - ALERT [WARNING] low_rssi: Low RSSI: -96 dBm (min: -90)
2026-09-27 20:50:21,985 - drone_ids.detector.DoSDetector - WARNING - ALERT [WARNING] low_rssi: Low RSSI: -96 dBm (min: -90)
2026-09-27 20:50:23,612 - drone_ids.detector.DoSDetector - WARNING - ALERT [WARNING] low_rssi: Low RSSI: -96 dBm (min: -90)
2026-09-27 20:50:25,235 - drone_ids.detector.DoSDetector - WARNING - ALERT [WARNING] low_rssi: Low RSSI: -96 dBm (min: -90)
2026-09-27 20:50:26,862 - drone_ids.detector.DoSDetector - WARNING - ALERT [WARNING] low_rssi: Low RSSI: -96 dBm (min: -90)
2026-09-27 20:50:28,284 - drone_ids.mission_simulator - INFO - Home waypoint reached
2026-09-27 20:50:28,286 - drone_ids.mission_simulator - INFO - RTL complete — mode changed to HOLD
2026-09-27 20:50:28,286 - drone_ids.mission_simulator - INFO - MAVLink link recovered
2026-09-27 20:50:28,287 - drone_ids.mission_simulator - WARNING - Drone DISARMED
2026-09-27 20:50:40,507 - drone_ids.engine - INFO - Stats: msgs=7005, rate=34.3/s, alerts=130, errors=0
2026-09-27 20:51:10,545 - drone_ids.engine - INFO - Stats: msgs=7005, rate=29.9/s, alerts=130, errors=0
2026-09-27 20:51:40,578 - drone_ids.engine - INFO - Stats: msgs=7005, rate=26.5/s, alerts=130, errors=0
2026-09-27 20:52:10,608 - drone_ids.engine - INFO - Stats: msgs=7005, rate=23.8/s, alerts=130, errors=0
2026-09-27 20:52:11,017 - drone_ids.detector.MAVLinkAnomalyDetector - INFO - Learning complete. Baselines: {'STATUSTEXT': 47.95640973494766, 'GPS_RAW_INT': 11.432635642564147, 'GLOBAL_POSITION_INT': 14.430444130708473, 'ATTITUDE': 14.31511722557492, 'VFR_HUD': 14.470093204479296, 'SYS_STATUS': 7.8896680078306405, 'RADIO_STATUS': 8.168317026767609, 'COMMAND_LONG': 2.4496321558343457, 'PARAM_REQUEST_READ': 981.2276252704442, 'HEARTBEAT': 1.2320211731430823, 'ESTIMATOR_STATUS': 1.2319936780586918}
2026-09-27 20:52:40,637 - drone_ids.engine - INFO - Stats: msgs=7005, rate=21.6/s, alerts=130, errors=0
2026-09-27 20:53:10,666 - drone_ids.engine - INFO - Stats: msgs=7005, rate=19.8/s, alerts=130, errors=0
2026-09-27 20:53:40,696 - drone_ids.engine - INFO - Stats: msgs=7005, rate=18.2/s, alerts=130, errors=0
2026-09-27 20:54:10,734 - drone_ids.engine - INFO - Stats: msgs=7005, rate=16.9/s, alerts=130, errors=0
2026-09-27 20:54:40,767 - drone_ids.engine - INFO - Stats: msgs=7005, rate=15.7/s, alerts=130, errors=0
2026-09-27 20:55:10,796 - drone_ids.engine - INFO - Stats: msgs=7005, rate=14.8/s, alerts=130, errors=0
2026-09-27 20:55:40,825 - drone_ids.engine - INFO - Stats: msgs=7005, rate=13.9/s, alerts=130, errors=0
2026-09-27 20:56:10,860 - drone_ids.engine - INFO - Stats: msgs=7005, rate=13.1/s, alerts=130, errors=0
2026-09-27 20:56:40,893 - drone_ids.engine - INFO - Stats: msgs=7005, rate=12.4/s, alerts=130, errors=0
2026-09-27 20:57:10,922 - drone_ids.engine - INFO - Stats: msgs=7005, rate=11.8/s, alerts=130, errors=0
2026-09-27 20:57:40,948 - drone_ids.engine - INFO - Stats: msgs=7005, rate=11.2/s, alerts=130, errors=0
2026-09-27 20:58:10,972 - drone_ids.engine - INFO - Stats: msgs=7005, rate=10.7/s, alerts=130, errors=0
2026-09-27 20:58:40,999 - drone_ids.engine - INFO - Stats: msgs=7005, rate=10.2/s, alerts=130, errors=0
2026-09-27 20:59:11,031 - drone_ids.engine - INFO - Stats: msgs=7005, rate=9.8/s, alerts=130, errors=0
2026-09-27 20:59:41,060 - drone_ids.engine - INFO - Stats: msgs=7005, rate=9.4/s, alerts=130, errors=0
2026-09-27 21:00:11,092 - drone_ids.engine - INFO - Stats: msgs=7005, rate=9.0/s, alerts=130, errors=0
2026-09-27 21:00:41,125 - drone_ids.engine - INFO - Stats: msgs=7005, rate=8.7/s, alerts=130, errors=0
2026-09-27 21:01:11,156 - drone_ids.engine - INFO - Stats: msgs=7005, rate=8.4/s, alerts=130, errors=0
2026-09-27 21:01:41,188 - drone_ids.engine - INFO - Stats: msgs=7005, rate=8.1/s, alerts=130, errors=0
2026-09-27 21:02:11,220 - drone_ids.engine - INFO - Stats: msgs=7005, rate=7.8/s, alerts=130, errors=0
2026-09-27 21:02:41,253 - drone_ids.engine - INFO - Stats: msgs=7005, rate=7.6/s, alerts=130, errors=0
2026-09-27 21:03:11,288 - drone_ids.engine - INFO - Stats: msgs=7005, rate=7.3/s, alerts=130, errors=0
2026-09-27 21:03:41,321 - drone_ids.engine - INFO - Stats: msgs=7005, rate=7.1/s, alerts=130, errors=0
2026-09-27 21:04:11,353 - drone_ids.engine - INFO - Stats: msgs=7005, rate=6.9/s, alerts=130, errors=0
2026-09-27 21:04:41,391 - drone_ids.engine - INFO - Stats: msgs=7005, rate=6.7/s, alerts=130, errors=0
2026-09-27 21:05:11,422 - drone_ids.engine - INFO - Stats: msgs=7005, rate=6.5/s, alerts=130, errors=0
2026-09-27 21:05:41,454 - drone_ids.engine - INFO - Stats: msgs=7005, rate=6.3/s, alerts=130, errors=0
2026-09-27 21:06:11,486 - drone_ids.engine - INFO - Stats: msgs=7005, rate=6.2/s, alerts=130, errors=0
2026-09-27 21:06:41,518 - drone_ids.engine - INFO - Stats: msgs=7005, rate=6.0/s, alerts=130, errors=0
2026-09-27 21:07:11,551 - drone_ids.engine - INFO - Stats: msgs=7005, rate=5.9/s, alerts=130, errors=0
2026-09-27 21:07:41,584 - drone_ids.engine - INFO - Stats: msgs=7005, rate=5.7/s, alerts=130, errors=0
2026-09-27 21:08:11,616 - drone_ids.engine - INFO - Stats: msgs=7005, rate=5.6/s, alerts=130, errors=0
2026-09-27 21:08:41,647 - drone_ids.engine - INFO - Stats: msgs=7005, rate=5.4/s, alerts=130, errors=0
2026-09-27 21:09:11,677 - drone_ids.engine - INFO - Stats: msgs=7005, rate=5.3/s, alerts=130, errors=0
2026-09-27 21:09:41,707 - drone_ids.engine - INFO - Stats: msgs=7005, rate=5.2/s, alerts=130, errors=0
2026-09-27 21:10:11,739 - drone_ids.engine - INFO - Stats: msgs=7005, rate=5.1/s, alerts=130, errors=0
2026-09-27 21:10:41,771 - drone_ids.engine - INFO - Stats: msgs=7005, rate=5.0/s, alerts=130, errors=0
2026-09-27 21:11:11,802 - drone_ids.engine - INFO - Stats: msgs=7005, rate=4.9/s, alerts=130, errors=0
2026-09-27 21:11:41,834 - drone_ids.engine - INFO - Stats: msgs=7005, rate=4.8/s, alerts=130, errors=0
2026-09-27 21:12:11,866 - drone_ids.engine - INFO - Stats: msgs=7005, rate=4.7/s, alerts=130, errors=0
2026-09-27 21:12:41,899 - drone_ids.engine - INFO - Stats: msgs=7005, rate=4.6/s, alerts=130, errors=0
2026-09-27 21:13:11,932 - drone_ids.engine - INFO - Stats: msgs=7005, rate=4.5/s, alerts=130, errors=0
2026-09-27 21:13:41,967 - drone_ids.engine - INFO - Stats: msgs=7005, rate=4.4/s, alerts=130, errors=0
2026-09-27 21:14:12,002 - drone_ids.engine - INFO - Stats: msgs=7005, rate=4.3/s, alerts=130, errors=0
2026-09-27 21:14:42,036 - drone_ids.engine - INFO - Stats: msgs=7005, rate=4.3/s, alerts=130, errors=0
2026-09-27 21:15:12,068 - drone_ids.engine - INFO - Stats: msgs=7005, rate=4.2/s, alerts=130, errors=0
2026-09-27 21:15:42,102 - drone_ids.engine - INFO - Stats: msgs=7005, rate=4.1/s, alerts=130, errors=0
2026-09-27 21:16:12,131 - drone_ids.engine - INFO - Stats: msgs=7005, rate=4.0/s, alerts=130, errors=0
2026-09-27 21:16:42,164 - drone_ids.engine - INFO - Stats: msgs=7005, rate=4.0/s, alerts=130, errors=0
2026-09-27 21:17:12,193 - drone_ids.engine - INFO - Stats: msgs=7005, rate=3.9/s, alerts=130, errors=0
2026-09-27 21:17:42,225 - drone_ids.engine - INFO - Stats: msgs=7005, rate=3.8/s, alerts=130, errors=0
2026-09-27 21:18:12,256 - drone_ids.engine - INFO - Stats: msgs=7005, rate=3.8/s, alerts=130, errors=0
2026-09-27 21:18:42,288 - drone_ids.engine - INFO - Stats: msgs=7005, rate=3.7/s, alerts=130, errors=0
2026-09-27 21:19:12,325 - drone_ids.engine - INFO - Stats: msgs=7005, rate=3.7/s, alerts=130, errors=0
2026-09-27 21:19:42,358 - drone_ids.engine - INFO - Stats: msgs=7005, rate=3.6/s, alerts=130, errors=0
2026-09-27 21:20:12,389 - drone_ids.engine - INFO - Stats: msgs=7005, rate=3.5/s, alerts=130, errors=0
2026-09-27 21:20:42,421 - drone_ids.engine - INFO - Stats: msgs=7005, rate=3.5/s, alerts=130, errors=0
2026-09-27 21:21:12,453 - drone_ids.engine - INFO - Stats: msgs=7005, rate=3.4/s, alerts=130, errors=0
2026-09-27 21:21:42,487 - drone_ids.engine - INFO - Stats: msgs=7005, rate=3.4/s, alerts=130, errors=0
2026-09-27 21:22:12,519 - drone_ids.engine - INFO - Stats: msgs=7005, rate=3.3/s, alerts=130, errors=0
2026-09-27 21:22:42,555 - drone_ids.engine - INFO - Stats: msgs=7005, rate=3.3/s, alerts=130, errors=0
2026-09-27 21:23:12,586 - drone_ids.engine - INFO - Stats: msgs=7005, rate=3.2/s, alerts=130, errors=0
2026-09-27 21:23:42,619 - drone_ids.engine - INFO - Stats: msgs=7005, rate=3.2/s, alerts=130, errors=0
2026-09-27 21:24:12,652 - drone_ids.engine - INFO - Stats: msgs=7005, rate=3.2/s, alerts=130, errors=0
2026-09-27 21:24:42,685 - drone_ids.engine - INFO - Stats: msgs=7005, rate=3.1/s, alerts=130, errors=0
2026-09-27 21:25:12,718 - drone_ids.engine - INFO - Stats: msgs=7005, rate=3.1/s, alerts=130, errors=0
2026-09-27 21:25:42,750 - drone_ids.engine - INFO - Stats: msgs=7005, rate=3.0/s, alerts=130, errors=0
2026-09-27 21:26:12,780 - drone_ids.engine - INFO - Stats: msgs=7005, rate=3.0/s, alerts=130, errors=0
2026-09-27 21:26:42,813 - drone_ids.engine - INFO - Stats: msgs=7005, rate=3.0/s, alerts=130, errors=0
2026-09-27 21:27:12,847 - drone_ids.engine - INFO - Stats: msgs=7005, rate=2.9/s, alerts=130, errors=0
2026-09-27 21:27:42,880 - drone_ids.engine - INFO - Stats: msgs=7005, rate=2.9/s, alerts=130, errors=0
2026-09-27 21:28:12,911 - drone_ids.engine - INFO - Stats: msgs=7005, rate=2.9/s, alerts=130, errors=0
2026-09-27 21:28:42,946 - drone_ids.engine - INFO - Stats: msgs=7005, rate=2.8/s, alerts=130, errors=0
2026-09-27 21:29:12,981 - drone_ids.engine - INFO - Stats: msgs=7005, rate=2.8/s, alerts=130, errors=0
2026-09-27 21:29:43,012 - drone_ids.engine - INFO - Stats: msgs=7005, rate=2.8/s, alerts=130, errors=0
2026-09-27 21:30:13,046 - drone_ids.engine - INFO - Stats: msgs=7005, rate=2.7/s, alerts=130, errors=0
2026-09-27 21:30:43,082 - drone_ids.engine - INFO - Stats: msgs=7005, rate=2.7/s, alerts=130, errors=0
2026-09-27 21:31:13,114 - drone_ids.engine - INFO - Stats: msgs=7005, rate=2.7/s, alerts=130, errors=0
2026-09-27 21:31:43,147 - drone_ids.engine - INFO - Stats: msgs=7005, rate=2.6/s, alerts=130, errors=0
2026-09-27 21:32:13,179 - drone_ids.engine - INFO - Stats: msgs=7005, rate=2.6/s, alerts=130, errors=0
2026-09-27 21:32:43,208 - drone_ids.engine - INFO - Stats: msgs=7005, rate=2.6/s, alerts=130, errors=0
2026-09-27 21:33:13,239 - drone_ids.engine - INFO - Stats: msgs=7005, rate=2.5/s, alerts=130, errors=0
2026-09-27 21:33:43,269 - drone_ids.engine - INFO - Stats: msgs=7005, rate=2.5/s, alerts=130, errors=0
2026-09-27 21:34:13,298 - drone_ids.engine - INFO - Stats: msgs=7005, rate=2.5/s, alerts=130, errors=0
2026-09-27 21:34:43,330 - drone_ids.engine - INFO - Stats: msgs=7005, rate=2.5/s, alerts=130, errors=0
2026-09-27 21:35:13,362 - drone_ids.engine - INFO - Stats: msgs=7005, rate=2.4/s, alerts=130, errors=0
2026-09-27 21:35:43,393 - drone_ids.engine - INFO - Stats: msgs=7005, rate=2.4/s, alerts=130, errors=0
2026-09-27 21:36:13,422 - drone_ids.engine - INFO - Stats: msgs=7005, rate=2.4/s, alerts=130, errors=0
2026-09-27 21:36:43,453 - drone_ids.engine - INFO - Stats: msgs=7005, rate=2.4/s, alerts=130, errors=0
2026-09-27 21:37:13,483 - drone_ids.engine - INFO - Stats: msgs=7005, rate=2.3/s, alerts=130, errors=0
2026-09-27 21:37:43,513 - drone_ids.engine - INFO - Stats: msgs=7005, rate=2.3/s, alerts=130, errors=0
2026-09-27 21:38:13,541 - drone_ids.engine - INFO - Stats: msgs=7005, rate=2.3/s, alerts=130, errors=0
2026-09-27 21:38:43,572 - drone_ids.engine - INFO - Stats: msgs=7005, rate=2.3/s, alerts=130, errors=0
2026-09-27 21:39:13,604 - drone_ids.engine - INFO - Stats: msgs=7005, rate=2.2/s, alerts=130, errors=0
2026-09-27 21:39:43,635 - drone_ids.engine - INFO - Stats: msgs=7005, rate=2.2/s, alerts=130, errors=0
2026-09-27 21:40:13,661 - drone_ids.engine - INFO - Stats: msgs=7005, rate=2.2/s, alerts=130, errors=0
2026-09-27 21:40:43,692 - drone_ids.engine - INFO - Stats: msgs=7005, rate=2.2/s, alerts=130, errors=0
2026-09-27 21:41:13,723 - drone_ids.engine - INFO - Stats: msgs=7005, rate=2.2/s, alerts=130, errors=0
2026-09-27 21:41:43,756 - drone_ids.engine - INFO - Stats: msgs=7005, rate=2.1/s, alerts=130, errors=0
2026-09-27 21:42:13,787 - drone_ids.engine - INFO - Stats: msgs=7005, rate=2.1/s, alerts=130, errors=0
2026-09-27 21:42:43,818 - drone_ids.engine - INFO - Stats: msgs=7005, rate=2.1/s, alerts=130, errors=0
2026-09-27 21:43:13,849 - drone_ids.engine - INFO - Stats: msgs=7005, rate=2.1/s, alerts=130, errors=0
2026-09-27 21:43:43,880 - drone_ids.engine - INFO - Stats: msgs=7005, rate=2.1/s, alerts=130, errors=0
2026-09-27 21:44:13,909 - drone_ids.engine - INFO - Stats: msgs=7005, rate=2.0/s, alerts=130, errors=0
2026-09-27 21:44:43,942 - drone_ids.engine - INFO - Stats: msgs=7005, rate=2.0/s, alerts=130, errors=0
2026-09-27 21:45:13,973 - drone_ids.engine - INFO - Stats: msgs=7005, rate=2.0/s, alerts=130, errors=0
2026-09-27 21:45:44,005 - drone_ids.engine - INFO - Stats: msgs=7005, rate=2.0/s, alerts=130, errors=0
2026-09-27 21:46:14,035 - drone_ids.engine - INFO - Stats: msgs=7005, rate=2.0/s, alerts=130, errors=0
2026-09-27 21:46:44,065 - drone_ids.engine - INFO - Stats: msgs=7005, rate=2.0/s, alerts=130, errors=0
2026-09-27 21:47:14,094 - drone_ids.engine - INFO - Stats: msgs=7005, rate=1.9/s, alerts=130, errors=0
2026-09-27 21:47:44,124 - drone_ids.engine - INFO - Stats: msgs=7005, rate=1.9/s, alerts=130, errors=0
2026-09-27 21:48:14,154 - drone_ids.engine - INFO - Stats: msgs=7005, rate=1.9/s, alerts=130, errors=0
2026-09-27 21:48:44,186 - drone_ids.engine - INFO - Stats: msgs=7005, rate=1.9/s, alerts=130, errors=0
2026-09-27 21:49:14,215 - drone_ids.engine - INFO - Stats: msgs=7005, rate=1.9/s, alerts=130, errors=0
2026-09-27 21:49:44,244 - drone_ids.engine - INFO - Stats: msgs=7005, rate=1.9/s, alerts=130, errors=0
2026-09-27 21:50:14,273 - drone_ids.engine - INFO - Stats: msgs=7005, rate=1.9/s, alerts=130, errors=0
2026-09-27 21:50:44,304 - drone_ids.engine - INFO - Stats: msgs=7005, rate=1.8/s, alerts=130, errors=0
2026-09-27 21:51:14,335 - drone_ids.engine - INFO - Stats: msgs=7005, rate=1.8/s, alerts=130, errors=0
2026-09-27 21:51:44,362 - drone_ids.engine - INFO - Stats: msgs=7005, rate=1.8/s, alerts=130, errors=0
2026-09-27 21:52:14,391 - drone_ids.engine - INFO - Stats: msgs=7005, rate=1.8/s, alerts=130, errors=0
2026-09-27 21:52:44,420 - drone_ids.engine - INFO - Stats: msgs=7005, rate=1.8/s, alerts=130, errors=0
2026-09-27 21:53:14,449 - drone_ids.engine - INFO - Stats: msgs=7005, rate=1.8/s, alerts=130, errors=0
2026-09-27 21:53:44,479 - drone_ids.engine - INFO - Stats: msgs=7005, rate=1.8/s, alerts=130, errors=0
2026-09-27 21:54:14,507 - drone_ids.engine - INFO - Stats: msgs=7005, rate=1.7/s, alerts=130, errors=0
2026-09-27 21:54:44,538 - drone_ids.engine - INFO - Stats: msgs=7005, rate=1.7/s, alerts=130, errors=0
2026-09-27 21:55:14,569 - drone_ids.engine - INFO - Stats: msgs=7005, rate=1.7/s, alerts=130, errors=0
2026-09-27 21:55:44,602 - drone_ids.engine - INFO - Stats: msgs=7005, rate=1.7/s, alerts=130, errors=0
2026-09-27 21:56:14,636 - drone_ids.engine - INFO - Stats: msgs=7005, rate=1.7/s, alerts=130, errors=0
2026-09-27 21:56:44,667 - drone_ids.engine - INFO - Stats: msgs=7005, rate=1.7/s, alerts=130, errors=0
2026-09-27 21:57:14,696 - drone_ids.engine - INFO - Stats: msgs=7005, rate=1.7/s, alerts=130, errors=0
2026-09-27 21:57:44,730 - drone_ids.engine - INFO - Stats: msgs=7005, rate=1.7/s, alerts=130, errors=0
2026-09-27 21:58:14,759 - drone_ids.engine - INFO - Stats: msgs=7005, rate=1.6/s, alerts=130, errors=0
2026-09-27 21:58:44,790 - drone_ids.engine - INFO - Stats: msgs=7005, rate=1.6/s, alerts=130, errors=0
2026-09-27 21:59:14,820 - drone_ids.engine - INFO - Stats: msgs=7005, rate=1.6/s, alerts=130, errors=0
2026-09-27 21:59:44,851 - drone_ids.engine - INFO - Stats: msgs=7005, rate=1.6/s, alerts=130, errors=0
2026-09-27 22:00:14,881 - drone_ids.engine - INFO - Stats: msgs=7005, rate=1.6/s, alerts=130, errors=0
2026-09-27 22:00:44,913 - drone_ids.engine - INFO - Stats: msgs=7005, rate=1.6/s, alerts=130, errors=0
2026-09-27 22:01:14,943 - drone_ids.engine - INFO - Stats: msgs=7005, rate=1.6/s, alerts=130, errors=0
2026-09-27 22:01:44,975 - drone_ids.engine - INFO - Stats: msgs=7005, rate=1.6/s, alerts=130, errors=0
2026-09-27 22:02:15,007 - drone_ids.engine - INFO - Stats: msgs=7005, rate=1.6/s, alerts=130, errors=0
2026-09-27 22:02:45,039 - drone_ids.engine - INFO - Stats: msgs=7005, rate=1.5/s, alerts=130, errors=0
2026-09-27 22:03:15,071 - drone_ids.engine - INFO - Stats: msgs=7005, rate=1.5/s, alerts=130, errors=0
2026-09-27 22:03:45,101 - drone_ids.engine - INFO - Stats: msgs=7005, rate=1.5/s, alerts=130, errors=0
2026-09-27 22:04:15,131 - drone_ids.engine - INFO - Stats: msgs=7005, rate=1.5/s, alerts=130, errors=0
2026-09-27 22:04:45,163 - drone_ids.engine - INFO - Stats: msgs=7005, rate=1.5/s, alerts=130, errors=0
2026-09-27 22:05:15,193 - drone_ids.engine - INFO - Stats: msgs=7005, rate=1.5/s, alerts=130, errors=0
2026-09-27 22:05:45,226 - drone_ids.engine - INFO - Stats: msgs=7005, rate=1.5/s, alerts=130, errors=0
2026-09-27 22:06:15,255 - drone_ids.engine - INFO - Stats: msgs=7005, rate=1.5/s, alerts=130, errors=0
2026-09-27 22:06:45,289 - drone_ids.engine - INFO - Stats: msgs=7005, rate=1.5/s, alerts=130, errors=0
2026-09-27 22:07:15,320 - drone_ids.engine - INFO - Stats: msgs=7005, rate=1.5/s, alerts=130, errors=0
2026-09-27 22:07:45,353 - drone_ids.engine - INFO - Stats: msgs=7005, rate=1.5/s, alerts=130, errors=0
2026-09-27 22:08:15,385 - drone_ids.engine - INFO - Stats: msgs=7005, rate=1.4/s, alerts=130, errors=0
2026-09-27 22:08:45,414 - drone_ids.engine - INFO - Stats: msgs=7005, rate=1.4/s, alerts=130, errors=0
2026-09-27 22:09:15,444 - drone_ids.engine - INFO - Stats: msgs=7005, rate=1.4/s, alerts=130, errors=0
2026-09-27 22:09:45,473 - drone_ids.engine - INFO - Stats: msgs=7005, rate=1.4/s, alerts=130, errors=0
2026-09-27 22:10:15,503 - drone_ids.engine - INFO - Stats: msgs=7005, rate=1.4/s, alerts=130, errors=0
2026-09-27 22:10:45,533 - drone_ids.engine - INFO - Stats: msgs=7005, rate=1.4/s, alerts=130, errors=0
2026-09-27 22:11:15,561 - drone_ids.engine - INFO - Stats: msgs=7005, rate=1.4/s, alerts=130, errors=0
2026-09-27 22:11:45,586 - drone_ids.engine - INFO - Stats: msgs=7005, rate=1.4/s, alerts=130, errors=0
2026-09-27 22:12:15,614 - drone_ids.engine - INFO - Stats: msgs=7005, rate=1.4/s, alerts=130, errors=0
2026-09-27 22:12:45,641 - drone_ids.engine - INFO - Stats: msgs=7005, rate=1.4/s, alerts=130, errors=0
